
> medsync-backend@1.0.0 build
> tsc

src/controllers/superAdmin/dashboard/implementation/dashboard.controller.ts(3,45): error TS2307: Cannot find module '../../../services/superAdmin/dashboard/interfaces/dashboard.service.interface.ts' or its corresponding type declarations.
src/repositories/BaseRepository.ts(4,14): error TS2420: Class 'BaseRepository<T>' incorrectly implements interface 'IBaseRepository<T>'.
  Property 'countDocuments' is missing in type 'BaseRepository<T>' but required in type 'IBaseRepository<T>'.
src/repositories/doctor.repository.ts(5,14): error TS2420: Class 'DoctorRepository' incorrectly implements interface 'IBaseRepository<IDoctor>'.
  Property 'countDocuments' is missing in type 'BaseRepository<IDoctor>' but required in type 'IBaseRepository<IDoctor>'.
