src/controllers/doctor.controller.ts(2,31): error TS2307: Cannot find module '../services/doctor.service' or its corresponding type declarations.
src/controllers/googleAuth.controller.ts(2,30): error TS2307: Cannot find module '../services/token.service' or its corresponding type declarations.
src/controllers/googleAuth.controller.ts(3,26): error TS2307: Cannot find module '../models/Patient.model' or its corresponding type declarations.
src/controllers/patientManagement.controller.ts(2,42): error TS2307: Cannot find module '../services/patientManagement.service' or its corresponding type declarations.
src/controllers/superAdminkyc.controller.ts(2,38): error TS2307: Cannot find module '../services/superAdminkyc.service' or its corresponding type declarations.
