src/controllers/hospital/patient/implementations/patient.management.controller.ts(4,46): error TS2307: Cannot find module '../interfaces/patient.management.controller.interface.ts' or its corresponding type declarations.
src/controllers/hospital/patient/implementations/patient.management.controller.ts(26,59): error TS2339: Property 'updatePatient' does not exist on type 'IPatientManagementService'.
src/controllers/hospital/patient/implementations/patient.management.controller.ts(39,59): error TS2339: Property 'getAllPatient' does not exist on type 'IPatientManagementService'.
src/di/auth.di.ts(32,5): error TS2345: Argument of type 'import("C:/Users/BINSHAD/Documents/Projects/MedSyncOrg/server/src/repositories/doctor/doctor.repository", { with: { "resolution-mode": "import" } }).DoctorRepository' is not assignable to parameter of type 'import("C:/Users/BINSHAD/Documents/Projects/MedSyncOrg/server/src/repositories/doctor.repository", { with: { "resolution-mode": "import" } }).DoctorRepository'.
  Property 'model' is private in type 'BaseRepository<IDoctor>' but not in type 'BaseRepository<IDoctor>'.
src/di/auth.di.ts(35,90): error TS2345: Argument of type 'import("C:/Users/BINSHAD/Documents/Projects/MedSyncOrg/server/src/repositories/doctor/doctor.repository", { with: { "resolution-mode": "import" } }).DoctorRepository' is not assignable to parameter of type 'import("C:/Users/BINSHAD/Documents/Projects/MedSyncOrg/server/src/repositories/doctor.repository", { with: { "resolution-mode": "import" } }).DoctorRepository'.
  Property 'model' is private in type 'BaseRepository<IDoctor>' but not in type 'BaseRepository<IDoctor>'.
